// Jest Snapshot v1, https://goo.gl/fbAQLP

exports[`ItemList displays items 1`] = `
<div>
  <ul>
    <li
      style={
        Object {
          "backgroundColor": "#B4FCF7",
          "color": "pink",
          "listStyleType": "none",
          "marginTop": "10px",
        }
      }
    >
      <p>
        wake me up before I go go
      </p>
      <p />
    </li>
    <li
      style={
        Object {
          "backgroundColor": "#B4FCF7",
          "color": "pink",
          "listStyleType": "none",
          "marginTop": "10px",
        }
      }
    >
      <p>
        never give you up 
      </p>
      <p />
    </li>
  </ul>
</div>
`;
