// Jest Snapshot v1, https://goo.gl/fbAQLP

exports[`App displays the app 1`] = `
<div
  className="App"
>
  <header
    className="App-header"
  >
    <p>
      TODO
    </p>
  </header>
  <div>
    <ul
      style={
        Object {
          "listStyleType": "none",
        }
      }
    >
      <li>
        <p>
          join experimental noise band
        </p>
        <p />
      </li>
      <li>
        <p>
          become bilingual
        </p>
        <p />
      </li>
    </ul>
  </div>
</div>
`;
